Copyright 1986-2022 Xilinx, Inc. All Rights Reserved. Copyright 2022-2026 Advanced Micro Devices, Inc. All Rights Reserved.
---------------------------------------------------------------------------------------------------------------------------------------------
| Tool Version : Vivado v.2026.1 (win64) Build 6511674 Tue Jun 16 11:02:23 MDT 2026
| Date         : Mon Sep 14 21:52:04 2026
| Host         : U8JGQU6O40HO7 running 64-bit major release  (build 9200)
| Command      : report_control_sets -verbose -file main_test_control_sets_placed.rpt
| Design       : main_test
| Device       : xc7a100t
---------------------------------------------------------------------------------------------------------------------------------------------

Control Set Information

Table of Contents
-----------------
1. Summary
2. Histogram
3. Flip-Flop Distribution
4. Detailed Control Set Information

1. Summary
----------

+----------------------------------------------------------+-------+
|                          Status                          | Count |
+----------------------------------------------------------+-------+
| Total control sets                                       |    24 |
|    Minimum number of control sets                        |    24 |
|    Addition due to synthesis replication                 |     0 |
|    Addition due to physical synthesis replication        |     0 |
| Unused register locations in slices containing registers |    28 |
+----------------------------------------------------------+-------+
* Control sets can be merged at opt_design using control_set_merge or merge_equivalent_drivers
** Run report_qor_suggestions for automated merging and remapping suggestions


2. Histogram
------------

+--------------------+-------+
|       Fanout       | Count |
+--------------------+-------+
| Total control sets |    24 |
| >= 0 to < 4        |     0 |
| >= 4 to < 6        |     4 |
| >= 6 to < 8        |     0 |
| >= 8 to < 10       |    15 |
| >= 10 to < 12      |     0 |
| >= 12 to < 14      |     1 |
| >= 14 to < 16      |     0 |
| >= 16              |     4 |
+--------------------+-------+
* Control sets can be remapped at either synth_design or opt_design


3. Flip-Flop Distribution
-------------------------

+--------------+-----------------------+------------------------+-----------------+--------------+
| Clock Enable | Synchronous Set/Reset | Asynchronous Set/Reset | Total Registers | Total Slices |
+--------------+-----------------------+------------------------+-----------------+--------------+
| No           | No                    | No                     |               0 |            0 |
| No           | No                    | Yes                    |             237 |           64 |
| No           | Yes                   | No                     |              27 |           10 |
| Yes          | No                    | No                     |              88 |           19 |
| Yes          | No                    | Yes                    |              36 |            9 |
| Yes          | Yes                   | No                     |              88 |           23 |
+--------------+-----------------------+------------------------+-----------------+--------------+


4. Detailed Control Set Information
-----------------------------------

+----------------+-----------------------------------------------------------------+------------------+------------------+----------------+--------------+
|  Clock Signal  |                          Enable Signal                          | Set/Reset Signal | Slice Load Count | Bel Load Count | Bels / Slice |
+----------------+-----------------------------------------------------------------+------------------+------------------+----------------+--------------+
|  clk_IBUF_BUFG | u_sync_buffer2/wr_rise/FSM_sequential_state_reg[1]_0[0]         | reset_IBUF       |                2 |              4 |         2.00 |
|  clk_IBUF_BUFG | u_sync_buffer2/fifo/controller/count_reg[3]_i_1__0_n_0          | reset_IBUF       |                2 |              4 |         2.00 |
|  clk_IBUF_BUFG | u_sync_buffer1/fifo/controller/count_reg[3]_i_1_n_0             | reset_IBUF       |                2 |              4 |         2.00 |
|  clk_IBUF_BUFG | u_stack_buffer/stack/c_unit/sp[3]_i_1_n_0                       | reset_IBUF       |                2 |              4 |         2.00 |
|  clk_IBUF_BUFG | u_stack_buffer/rd_rise/E[0]                                     | reset_IBUF       |                1 |              8 |         8.00 |
|  clk_IBUF_BUFG | u_sync_buffer2/rd_rise/E[0]                                     | reset_IBUF       |                1 |              8 |         8.00 |
|  clk_IBUF_BUFG | u_sync_buffer2/fifo/controller/E[0]                             |                  |                4 |              8 |         2.00 |
|  clk_IBUF_BUFG | u_sync_buffer2/fifo/controller/FSM_sequential_state_reg[0]_4[0] |                  |                2 |              8 |         4.00 |
|  clk_IBUF_BUFG | u_sync_buffer2/fifo/controller/FSM_sequential_state_reg[0]_3[0] |                  |                1 |              8 |         8.00 |
|  clk_IBUF_BUFG | u_sync_buffer2/fifo/controller/FSM_sequential_state_reg[0]_1[0] |                  |                1 |              8 |         8.00 |
|  clk_IBUF_BUFG | u_sync_buffer2/fifo/controller/FSM_sequential_state_reg[0]_0[0] |                  |                2 |              8 |         4.00 |
|  clk_IBUF_BUFG | u_sync_buffer2/fifo/controller/FSM_sequential_state_reg[0]_2[0] |                  |                1 |              8 |         8.00 |
|  clk_IBUF_BUFG | u_sync_buffer2/fifo/controller/FSM_sequential_state_reg[0][0]   |                  |                2 |              8 |         4.00 |
|  clk_IBUF_BUFG | u_sync_buffer2/fifo/controller/FSM_sequential_state_reg[0]_6[0] |                  |                1 |              8 |         8.00 |
|  clk_IBUF_BUFG | u_sync_buffer2/fifo/controller/FSM_sequential_state_reg[0]_5[0] |                  |                1 |              8 |         8.00 |
|  clk_IBUF_BUFG | u_sync_buffer1/fifo/controller/E[0]                             |                  |                2 |              8 |         4.00 |
|  clk_IBUF_BUFG | u_stack_buffer/stack/c_unit/E[0]                                |                  |                2 |              8 |         4.00 |
|  clk_IBUF_BUFG | u_stack_buffer/stack/c_unit/push_en                             |                  |                2 |              8 |         4.00 |
|  clk_IBUF_BUFG | u_sync_buffer1/rd_rise/E[0]                                     | reset_IBUF       |                1 |              8 |         8.00 |
|  clk_IBUF_BUFG | u_sync_buffer1/wr_rise/FSM_sequential_state_reg[1]_1            |                  |                2 |             12 |         6.00 |
|  clk_IBUF_BUFG | u_sync_buffer2/u_bin2bcd/n_reg[3]_i_1__0_n_0                    | reset_IBUF       |                7 |             28 |         4.00 |
|  clk_IBUF_BUFG | u_sync_buffer1/u_bin2bcd/n_reg[3]_i_1__1_n_0                    | reset_IBUF       |                8 |             28 |         3.50 |
|  clk_IBUF_BUFG | u_stack_buffer/u_bin2bcd/n_reg[3]_i_1_n_0                       | reset_IBUF       |                6 |             28 |         4.67 |
|  clk_IBUF_BUFG |                                                                 | reset_IBUF       |               74 |            264 |         3.57 |
+----------------+-----------------------------------------------------------------+------------------+------------------+----------------+--------------+


