#-----------------------------------------------------------
# Vivado v2026.1 (64-bit)
# SW Build 6511674 on Tue Jun 16 11:02:23 MDT 2026
# IP Build 6504888 on Tue Jun 09 09:05:25 MDT 2026
# SharedData Build 6501428 on Mon Jun 08 17:34:18 MDT 2026
# Start of session at: Mon Sep 14 21:53:01 2026
# Process ID         : 21360
# Current directory  : C:/Users/maxzw/New_Projects/New_Projects.runs/impl_1
# Command line       : vivado.exe -log main_test.vdi -applog -product Vivado -messageDb vivado.pb -mode batch -source main_test.tcl -notrace
# Log file           : C:/Users/maxzw/New_Projects/New_Projects.runs/impl_1/main_test.vdi
# Journal file       : C:/Users/maxzw/New_Projects/New_Projects.runs/impl_1\vivado.jou
# Running On         : U8JGQU6O40HO7
# Platform           : Windows 11
# Operating System   : 26200
# Processor Detail   : Intel(R) Core(TM) 5 120U
# CPU Frequency      : 2496 MHz
# CPU Physical cores : 10
# CPU Logical cores  : 12
# Host memory        : 16858 MB
# Swap memory        : 20401 MB
# Total Virtual      : 37259 MB
# Available Virtual  : 17923 MB
#-----------------------------------------------------------
source main_test.tcl -notrace
